// Jest Snapshot v1, https://goo.gl/fbAQLP

exports[`Accordion should be a instance of Accordion 1`] = `ReactWrapper {}`;

exports[`Accordion should be a instance of Accordion 1`] = `ReactWrapper {}`;
